../Core/Src/main.c:103:5:main	72	static
../Core/Src/main.c:202:6:SystemClock_Config	88	static
../Core/Src/main.c:248:13:MX_I2C1_Init	8	static
../Core/Src/main.c:282:13:MX_TIM1_Init	32	static
../Core/Src/main.c:328:13:MX_TIM3_Init	32	static
../Core/Src/main.c:394:13:MX_USART1_UART_Init	8	static
../Core/Src/main.c:427:13:MX_USART2_UART_Init	8	static
../Core/Src/main.c:460:13:MX_GPIO_Init	24	static
../Core/Src/main.c:476:6:HAL_UART_RxCpltCallback	16	static
../Core/Src/main.c:487:6:Error_Handler	4	static,ignoring_inline_asm
