../Core/Src/main.c:111:5:main	136	static
../Core/Src/main.c:211:6:SystemClock_Config	88	static
../Core/Src/main.c:257:13:MX_I2C1_Init	8	static
../Core/Src/main.c:291:13:MX_TIM3_Init	48	static
../Core/Src/main.c:340:13:MX_TIM11_Init	24	static
../Core/Src/main.c:385:13:MX_USART2_UART_Init	8	static
../Core/Src/main.c:418:13:MX_USART6_UART_Init	8	static
../Core/Src/main.c:451:13:MX_GPIO_Init	48	static
../Core/Src/main.c:485:6:HAL_UART_RxCpltCallback	16	static
../Core/Src/main.c:496:6:Error_Handler	4	static,ignoring_inline_asm
